
F:\Dropbox\RaspberryPI\RPI2_TRIANGLE_DEMO2\neon>del *.o a.out *.elf *.img 

F:\Dropbox\RaspberryPI\RPI2_TRIANGLE_DEMO2\neon>REM SET CFLAGS=-mcpu=cortex-a7 -mfpu=neon-vfpv4 -mfloat-abi=hard -Os -mtune=cortex-a7 -std=gnu99 -nostdlib -ffreestanding 

F:\Dropbox\RaspberryPI\RPI2_TRIANGLE_DEMO2\neon>SET CFLAGS=-mcpu=cortex-a7 -mfpu=neon-vfpv4 -mfloat-abi=hard -O3 -mtune=cortex-a7 -std=gnu99 -nostdlib -ffreestanding 

F:\Dropbox\RaspberryPI\RPI2_TRIANGLE_DEMO2\neon>SET CPPFLAGS=-mcpu=cortex-a7 -mfpu=neon-vfpv4 -mfloat-abi=hard -O2 -Ofast -mtune=cortex-a7 -nostdlib -ffreestanding 

F:\Dropbox\RaspberryPI\RPI2_TRIANGLE_DEMO2\neon>SET GCC=arm-none-eabi-gcc 

F:\Dropbox\RaspberryPI\RPI2_TRIANGLE_DEMO2\neon>SET GPP=arm-none-eabi-g++ 

F:\Dropbox\RaspberryPI\RPI2_TRIANGLE_DEMO2\neon>SET LD=arm-none-eabi-ld 

F:\Dropbox\RaspberryPI\RPI2_TRIANGLE_DEMO2\neon>SET OBJCOPY=arm-none-eabi-objcopy 

F:\Dropbox\RaspberryPI\RPI2_TRIANGLE_DEMO2\neon>SET OBJDUMP=arm-none-eabi-objdump 

F:\Dropbox\RaspberryPI\RPI2_TRIANGLE_DEMO2\neon>SET READELF=arm-none-eabi-readelf 

F:\Dropbox\RaspberryPI\RPI2_TRIANGLE_DEMO2\neon>arm-none-eabi-gcc     -mcpu=cortex-a7 -mfpu=neon-vfpv4 -mfloat-abi=hard -O3 -mtune=cortex-a7 -std=gnu99 -nostdlib -ffreestanding   -c *.s 

F:\Dropbox\RaspberryPI\RPI2_TRIANGLE_DEMO2\neon>arm-none-eabi-gcc     -mcpu=cortex-a7 -mfpu=neon-vfpv4 -mfloat-abi=hard -O3 -mtune=cortex-a7 -std=gnu99 -nostdlib -ffreestanding   -c *.c  -Wall 
init.c: In function 'MInit':
init.c:397:2: warning: dereferencing type-punned pointer will break strict-aliasing rules [-Wstrict-aliasing]
  uart_debug_puts("V_Length=\n", *(uint32_t *)&len);
  ^
init.c:393:8: warning: unused variable 'c' [-Wunused-variable]
  float c = 5.0f;
        ^
init.c:392:8: warning: unused variable 'b' [-Wunused-variable]
  float b = 4.0f;
        ^
init.c:391:8: warning: unused variable 'a' [-Wunused-variable]
  float a = 3.0f;
        ^
init.c: In function 'main':
init.c:411:32: warning: passing argument 2 of 'uart_debug_puts' makes integer from pointer without a cast [-Wint-conversion]
  uart_debug_puts("ADDR[0]=\n", Mt[0]);
                                ^
In file included from init.c:1:0:
uart.h:9:6: note: expected 'uint32_t {aka long unsigned int}' but argument is of type 'float *'
 void uart_debug_puts(const char *s, uint32_t value);
      ^
init.c:412:32: warning: passing argument 2 of 'uart_debug_puts' makes integer from pointer without a cast [-Wint-conversion]
  uart_debug_puts("ADDR[1]=\n", Mt[1]);
                                ^
In file included from init.c:1:0:
uart.h:9:6: note: expected 'uint32_t {aka long unsigned int}' but argument is of type 'float *'
 void uart_debug_puts(const char *s, uint32_t value);
      ^
mailbox.c: In function 'mailbox_qpu_enable':
mailbox.c:94:3: warning: implicit declaration of function 'uart_debug_puts' [-Wimplicit-function-declaration]
   uart_debug_puts("mailbox_qpu_enable FAILED p[1]=\n", p[1]);
   ^

F:\Dropbox\RaspberryPI\RPI2_TRIANGLE_DEMO2\neon>arm-none-eabi-ld     -T memorymap.ld -o image.elf -nostdlib *.o 

F:\Dropbox\RaspberryPI\RPI2_TRIANGLE_DEMO2\neon>arm-none-eabi-readelf -a image.elf  1>ELFMEMORY_MAP.TXT 

F:\Dropbox\RaspberryPI\RPI2_TRIANGLE_DEMO2\neon>arm-none-eabi-objcopy -O binary image.elf  image.bin 

F:\Dropbox\RaspberryPI\RPI2_TRIANGLE_DEMO2\neon>arm-none-eabi-objdump image.elf -D  1>asmlist.txt 

F:\Dropbox\RaspberryPI\RPI2_TRIANGLE_DEMO2\neon>arm-none-eabi-readelf -a image.elf  1>image.txt 
